// Jest Snapshot v1, https://goo.gl/fbAQLP

exports[`Should render edit expense page directly 1`] = `
<div>
  <ExpenseForm
    expense={
      Object {
        "amount": 195,
        "createdAt": 0,
        "description": "Gum",
        "id": "1",
        "note": "",
      }
    }
    onSubmit={[Function]}
  />
  <button
    className="remove-expense"
    onClick={[Function]}
  >
    Delete
  </button>
</div>
`;
