// Jest Snapshot v1, https://goo.gl/fbAQLP

exports[`Should render single expense item 1`] = `
<div>
  <h3>
    <Link
      to="/edit/1"
    >
      Gum
    </Link>
  </h3>
  <p>
    Â£1.95
     - 
    1st January 1970
  </p>
</div>
`;
