// Jest Snapshot v1, https://goo.gl/fbAQLP

exports[`Should render header correctly 1`] = `
<header>
  <h1>
    Expensify
  </h1>
  <nav>
    <NavLink
      activeClassName="active"
      to="/dashboard"
    >
      Dashboard
    </NavLink>
    <NavLink
      activeClassName="active"
      to="/create"
    >
      Create expense
    </NavLink>
    <button
      onClick={[Function]}
    >
      Logout
    </button>
  </nav>
</header>
`;
