// Jest Snapshot v1, https://goo.gl/fbAQLP

exports[`Should render not found page correctly 1`] = `
<div>
  404 not found buckeroony! - 
  <Link
    to="/"
  >
    Go home
  </Link>
</div>
`;
